[
  {
    "id": 123,
    "nome": "Novo Restaurante",
    "proprietario": "ID do Keyclock"
  },
  {
    "id": 124,
    "nome": "Novo Restaurante 2",
    "proprietario": "ID do Keyclock 2"
  }
]